No errors! Great job.
TokenPropsModel:
  props:
  - a
  - m
  - tok
  - bc
  - d

